// Jest Snapshot v1, https://goo.gl/fbAQLP

exports[`Button renders correctly 1`] = `
.c0 {
  border-radius: 3rem;
  padding: 0.6rem 2.5rem;
  font-size: 1rem;
  font-family: 'Noto Sans',sans-serif;
  color: #FCFCFC;
  border: solid 2px transparent;
  background-image: linear-gradient(rgba(255,255,255,0),rgba(255,255,255,0)),linear-gradient(-50deg,#0D7419,#4ec752,#6ADD6E);
  background-origin: border-box;
  background-clip: content-box,border-box;
  -webkit-transition: linear 0.2s;
  transition: linear 0.2s;
}

.c0:hover {
  cursor: pointer;
  box-shadow: none;
  color: #FCFCFC;
  background-image: linear-gradient(rgba(255,255,255,0),rgba(255,255,255,0)),linear-gradient(-50deg,#0a5913,#5cc460);
}

<button
  className="c0"
  onClick={[Function]}
>
  Hello World
</button>
`;
